[Thd 5896 CPU 9 10/22/24 14:03:57.348] Error: Missing stream indicator {-ni, -ob, -ap, -lf}.
[Thd 5896 CPU 9 10/22/24 14:03:57.349] 
[Thd 5896 CPU 9 10/22/24 14:03:57.349] *** ERROR: MISSING CRITICAL PARAMETERS ***
[Thd 5896 CPU 9 10/22/24 14:03:57.349] ------------------------
[Thd 5896 CPU 9 10/22/24 14:03:57.349] Purpose:
[Thd 5896 CPU 9 10/22/24 14:03:57.349] + Optionally join trials with given run_name and index ranges [ga,gb] [ta,tb]...
[Thd 5896 CPU 9 10/22/24 14:03:57.349] + ...Or run on any individual file.
[Thd 5896 CPU 9 10/22/24 14:03:57.349] + Optionally apply demultiplexing corrections.
[Thd 5896 CPU 9 10/22/24 14:03:57.349] + Optionally apply band-pass and global CAR filters.
[Thd 5896 CPU 9 10/22/24 14:03:57.349] + Optionally edit out saturation artifacts.
[Thd 5896 CPU 9 10/22/24 14:03:57.349] + Optionally extract tables of sync waveform edge times to drive TPrime.
[Thd 5896 CPU 9 10/22/24 14:03:57.349] + Optionally extract tables of other nonneural event times to be aligned with spikes.
[Thd 5896 CPU 9 10/22/24 14:03:57.349] + Optionally join the above outputs across different runs (supercat feature).

[Thd 5896 CPU 9 10/22/24 14:03:57.349] Output:
[Thd 5896 CPU 9 10/22/24 14:03:57.349] + Results are placed next to source, named like this, with t-index = tcat:
[Thd 5896 CPU 9 10/22/24 14:03:57.349] +    path/run_name_g5_tcat.imec1.ap.bin.
[Thd 5896 CPU 9 10/22/24 14:03:57.349] + Errors and run messages are appended to CatGT.log in the current working directory.

[Thd 5896 CPU 9 10/22/24 14:03:57.349] Usage:
[Thd 5896 CPU 9 10/22/24 14:03:57.349] >CatGT -dir=data_dir -run=run_name -g=ga,gb -t=ta,tb <which streams> [ options ]

[Thd 5896 CPU 9 10/22/24 14:03:57.349] Which streams:
[Thd 5896 CPU 9 10/22/24 14:03:57.349] -ni                      ;required to process ni stream
[Thd 5896 CPU 9 10/22/24 14:03:57.349] -ob                      ;required to process ob streams
[Thd 5896 CPU 9 10/22/24 14:03:57.350] -ap                      ;required to process ap streams
[Thd 5896 CPU 9 10/22/24 14:03:57.350] -lf                      ;required to process lf streams
[Thd 5896 CPU 9 10/22/24 14:03:57.350] -obx=0,3:5               ;if -ob process these OneBoxes
[Thd 5896 CPU 9 10/22/24 14:03:57.350] -prb_3A                  ;if -ap or -lf process 3A-style probe files, e.g., run_name_g0_t0.imec.ap.bin
[Thd 5896 CPU 9 10/22/24 14:03:57.350] -prb=0,3:5               ;if -ap or -lf AND !prb_3A process these probes

[Thd 5896 CPU 9 10/22/24 14:03:57.350] Options:
[Thd 5896 CPU 9 10/22/24 14:03:57.350] -no_run_fld              ;older data, or data files relocated without a run folder
[Thd 5896 CPU 9 10/22/24 14:03:57.350] -prb_fld                 ;use folder-per-probe organization
[Thd 5896 CPU 9 10/22/24 14:03:57.350] -prb_miss_ok             ;instead of stopping, silently skip missing probes
[Thd 5896 CPU 9 10/22/24 14:03:57.350] -gtlist={gj,tja,tjb}     ;override {-g,-t} giving each listed g-index its own t-range
[Thd 5896 CPU 9 10/22/24 14:03:57.350] -t=cat                   ;extract events from CatGT output files (instead of -t=ta,tb)
[Thd 5896 CPU 9 10/22/24 14:03:57.350] -exported                ;apply FileViewer 'exported' tag to in/output filenames
[Thd 5896 CPU 9 10/22/24 14:03:57.350] -t_miss_ok               ;instead of stopping, zero-fill if trial missing
[Thd 5896 CPU 9 10/22/24 14:03:57.350] -zerofillmax=500         ;set a maximum zero-fill span (millisec)
[Thd 5896 CPU 9 10/22/24 14:03:57.350] -no_linefill             ;disable overwriting zero fills with line fills
[Thd 5896 CPU 9 10/22/24 14:03:57.350] -startsecs=120.0         ;skip this initial span of each input stream (float seconds)
[Thd 5896 CPU 9 10/22/24 14:03:57.350] -maxsecs=7.5             ;set a maximum output file length (float seconds)
[Thd 5896 CPU 9 10/22/24 14:03:57.350] -apfilter=Typ,N,Fhi,Flo  ;apply ap band-pass filter of given {type, order, corners(float Hz)}
[Thd 5896 CPU 9 10/22/24 14:03:57.350] -lffilter=Typ,N,Fhi,Flo  ;apply lf band-pass filter of given {type, order, corners(float Hz)}
[Thd 5896 CPU 9 10/22/24 14:03:57.350] -no_tshift               ;DO NOT time-align channels to account for ADC multiplexing
[Thd 5896 CPU 9 10/22/24 14:03:57.350] -loccar_um=40,140        ;apply ap local CAR annulus (exclude radius, include radius)
[Thd 5896 CPU 9 10/22/24 14:03:57.350] -loccar=2,8              ;apply ap local CAR annulus (exclude radius, include radius)
[Thd 5896 CPU 9 10/22/24 14:03:57.350] -gblcar                  ;apply ap global CAR filter over all channels
[Thd 5896 CPU 9 10/22/24 14:03:57.350] -gbldmx                  ;apply ap global demuxed CAR filter over channel groups
[Thd 5896 CPU 9 10/22/24 14:03:57.350] -gfix=0.40,0.10,0.02     ;rmv ap artifacts: ||amp(mV)||, ||slope(mV/sample)||, ||noise(mV)||
[Thd 5896 CPU 9 10/22/24 14:03:57.350] -chnexcl={prb;chans}     ;this probe, exclude listed chans from ap loccar, gblcar, gfix
[Thd 5896 CPU 9 10/22/24 14:03:57.350] -xa=0,0,2,3.0,4.5,25     ;extract pulse signal from analog chan (js,ip,word,thresh1(V),thresh2(V),millisec)
[Thd 5896 CPU 9 10/22/24 14:03:57.350] -xd=2,0,384,6,500        ;extract pulse signal from digital chan (js,ip,word,bit,millisec)
[Thd 5896 CPU 9 10/22/24 14:03:57.350] -xia=0,0,2,3.0,4.5,2     ;inverted version of xa
[Thd 5896 CPU 9 10/22/24 14:03:57.350] -xid=2,0,384,6,50        ;inverted version of xd
[Thd 5896 CPU 9 10/22/24 14:03:57.350] -bf=0,0,8,2,4,3          ;extract numeric bit-field from digital chan (js,ip,word,startbit,nbits,inarow)
[Thd 5896 CPU 9 10/22/24 14:03:57.350] -inarow=5                ;extractor {xa,xd,xia,xid} antibounce stay high/low sample count
[Thd 5896 CPU 9 10/22/24 14:03:57.350] -no_auto_sync            ;disable the automatic extraction of sync edges in all streams
[Thd 5896 CPU 9 10/22/24 14:03:57.351] -save=2,0,5,20:60        ;save subset of probe chans (js,ip1,ip2,chan-list)
[Thd 5896 CPU 9 10/22/24 14:03:57.351] -sepShanks=0,0,1,2,-1    ;save each shank in sep file (ip,ip0,ip1,ip2,ip3)
[Thd 5896 CPU 9 10/22/24 14:03:57.351] -maxZ=0,0,100            ;probe inserted to given depth (ip,depth-type,depth-value)
[Thd 5896 CPU 9 10/22/24 14:03:57.351] -pass1_force_ni_ob_bin   ;write pass one ni/ob binary tcat file even if not changed
[Thd 5896 CPU 9 10/22/24 14:03:57.351] -supercat={dir,run_ga}   ;concatenate existing output files across runs (see ReadMe)
[Thd 5896 CPU 9 10/22/24 14:03:57.351] -supercat_trim_edges     ;supercat after trimming each stream to matched sync edges
[Thd 5896 CPU 9 10/22/24 14:03:57.351] -supercat_skip_ni_ob_bin ;do not supercat ni/ob binary files
[Thd 5896 CPU 9 10/22/24 14:03:57.351] -dest=path               ;alternate path for output files (must exist)
[Thd 5896 CPU 9 10/22/24 14:03:57.351] -no_catgt_fld            ;if using -dest, do not create catgt_run subfolder
[Thd 5896 CPU 9 10/22/24 14:03:57.351] -out_prb_fld             ;if using -dest, create output subfolder per probe
[Thd 5896 CPU 9 10/22/24 14:03:57.351] ------------------------
[Thd 5896 CPU 9 10/22/24 14:03:57.351] 
[Thd 7356 CPU 10 10/22/24 14:04:25.686] Error: Missing stream indicator {-ni, -ob, -ap, -lf}.
[Thd 7356 CPU 10 10/22/24 14:04:25.686] 
[Thd 7356 CPU 10 10/22/24 14:04:25.686] *** ERROR: MISSING CRITICAL PARAMETERS ***
[Thd 7356 CPU 10 10/22/24 14:04:25.686] ------------------------
[Thd 7356 CPU 10 10/22/24 14:04:25.686] Purpose:
[Thd 7356 CPU 10 10/22/24 14:04:25.686] + Optionally join trials with given run_name and index ranges [ga,gb] [ta,tb]...
[Thd 7356 CPU 10 10/22/24 14:04:25.687] + ...Or run on any individual file.
[Thd 7356 CPU 10 10/22/24 14:04:25.687] + Optionally apply demultiplexing corrections.
[Thd 7356 CPU 10 10/22/24 14:04:25.687] + Optionally apply band-pass and global CAR filters.
[Thd 7356 CPU 10 10/22/24 14:04:25.687] + Optionally edit out saturation artifacts.
[Thd 7356 CPU 10 10/22/24 14:04:25.687] + Optionally extract tables of sync waveform edge times to drive TPrime.
[Thd 7356 CPU 10 10/22/24 14:04:25.687] + Optionally extract tables of other nonneural event times to be aligned with spikes.
[Thd 7356 CPU 10 10/22/24 14:04:25.687] + Optionally join the above outputs across different runs (supercat feature).

[Thd 7356 CPU 10 10/22/24 14:04:25.687] Output:
[Thd 7356 CPU 10 10/22/24 14:04:25.687] + Results are placed next to source, named like this, with t-index = tcat:
[Thd 7356 CPU 10 10/22/24 14:04:25.687] +    path/run_name_g5_tcat.imec1.ap.bin.
[Thd 7356 CPU 10 10/22/24 14:04:25.687] + Errors and run messages are appended to CatGT.log in the current working directory.

[Thd 7356 CPU 10 10/22/24 14:04:25.687] Usage:
[Thd 7356 CPU 10 10/22/24 14:04:25.687] >CatGT -dir=data_dir -run=run_name -g=ga,gb -t=ta,tb <which streams> [ options ]

[Thd 7356 CPU 10 10/22/24 14:04:25.687] Which streams:
[Thd 7356 CPU 10 10/22/24 14:04:25.687] -ni                      ;required to process ni stream
[Thd 7356 CPU 10 10/22/24 14:04:25.687] -ob                      ;required to process ob streams
[Thd 7356 CPU 10 10/22/24 14:04:25.687] -ap                      ;required to process ap streams
[Thd 7356 CPU 10 10/22/24 14:04:25.687] -lf                      ;required to process lf streams
[Thd 7356 CPU 10 10/22/24 14:04:25.687] -obx=0,3:5               ;if -ob process these OneBoxes
[Thd 7356 CPU 10 10/22/24 14:04:25.687] -prb_3A                  ;if -ap or -lf process 3A-style probe files, e.g., run_name_g0_t0.imec.ap.bin
[Thd 7356 CPU 10 10/22/24 14:04:25.687] -prb=0,3:5               ;if -ap or -lf AND !prb_3A process these probes

[Thd 7356 CPU 10 10/22/24 14:04:25.687] Options:
[Thd 7356 CPU 10 10/22/24 14:04:25.687] -no_run_fld              ;older data, or data files relocated without a run folder
[Thd 7356 CPU 10 10/22/24 14:04:25.687] -prb_fld                 ;use folder-per-probe organization
[Thd 7356 CPU 10 10/22/24 14:04:25.687] -prb_miss_ok             ;instead of stopping, silently skip missing probes
[Thd 7356 CPU 10 10/22/24 14:04:25.687] -gtlist={gj,tja,tjb}     ;override {-g,-t} giving each listed g-index its own t-range
[Thd 7356 CPU 10 10/22/24 14:04:25.687] -t=cat                   ;extract events from CatGT output files (instead of -t=ta,tb)
[Thd 7356 CPU 10 10/22/24 14:04:25.687] -exported                ;apply FileViewer 'exported' tag to in/output filenames
[Thd 7356 CPU 10 10/22/24 14:04:25.687] -t_miss_ok               ;instead of stopping, zero-fill if trial missing
[Thd 7356 CPU 10 10/22/24 14:04:25.687] -zerofillmax=500         ;set a maximum zero-fill span (millisec)
[Thd 7356 CPU 10 10/22/24 14:04:25.688] -no_linefill             ;disable overwriting zero fills with line fills
[Thd 7356 CPU 10 10/22/24 14:04:25.688] -startsecs=120.0         ;skip this initial span of each input stream (float seconds)
[Thd 7356 CPU 10 10/22/24 14:04:25.688] -maxsecs=7.5             ;set a maximum output file length (float seconds)
[Thd 7356 CPU 10 10/22/24 14:04:25.688] -apfilter=Typ,N,Fhi,Flo  ;apply ap band-pass filter of given {type, order, corners(float Hz)}
[Thd 7356 CPU 10 10/22/24 14:04:25.688] -lffilter=Typ,N,Fhi,Flo  ;apply lf band-pass filter of given {type, order, corners(float Hz)}
[Thd 7356 CPU 10 10/22/24 14:04:25.688] -no_tshift               ;DO NOT time-align channels to account for ADC multiplexing
[Thd 7356 CPU 10 10/22/24 14:04:25.688] -loccar_um=40,140        ;apply ap local CAR annulus (exclude radius, include radius)
[Thd 7356 CPU 10 10/22/24 14:04:25.688] -loccar=2,8              ;apply ap local CAR annulus (exclude radius, include radius)
[Thd 7356 CPU 10 10/22/24 14:04:25.688] -gblcar                  ;apply ap global CAR filter over all channels
[Thd 7356 CPU 10 10/22/24 14:04:25.688] -gbldmx                  ;apply ap global demuxed CAR filter over channel groups
[Thd 7356 CPU 10 10/22/24 14:04:25.688] -gfix=0.40,0.10,0.02     ;rmv ap artifacts: ||amp(mV)||, ||slope(mV/sample)||, ||noise(mV)||
[Thd 7356 CPU 10 10/22/24 14:04:25.688] -chnexcl={prb;chans}     ;this probe, exclude listed chans from ap loccar, gblcar, gfix
[Thd 7356 CPU 10 10/22/24 14:04:25.688] -xa=0,0,2,3.0,4.5,25     ;extract pulse signal from analog chan (js,ip,word,thresh1(V),thresh2(V),millisec)
[Thd 7356 CPU 10 10/22/24 14:04:25.688] -xd=2,0,384,6,500        ;extract pulse signal from digital chan (js,ip,word,bit,millisec)
[Thd 7356 CPU 10 10/22/24 14:04:25.688] -xia=0,0,2,3.0,4.5,2     ;inverted version of xa
[Thd 7356 CPU 10 10/22/24 14:04:25.688] -xid=2,0,384,6,50        ;inverted version of xd
[Thd 7356 CPU 10 10/22/24 14:04:25.688] -bf=0,0,8,2,4,3          ;extract numeric bit-field from digital chan (js,ip,word,startbit,nbits,inarow)
[Thd 7356 CPU 10 10/22/24 14:04:25.688] -inarow=5                ;extractor {xa,xd,xia,xid} antibounce stay high/low sample count
[Thd 7356 CPU 10 10/22/24 14:04:25.688] -no_auto_sync            ;disable the automatic extraction of sync edges in all streams
[Thd 7356 CPU 10 10/22/24 14:04:25.688] -save=2,0,5,20:60        ;save subset of probe chans (js,ip1,ip2,chan-list)
[Thd 7356 CPU 10 10/22/24 14:04:25.688] -sepShanks=0,0,1,2,-1    ;save each shank in sep file (ip,ip0,ip1,ip2,ip3)
[Thd 7356 CPU 10 10/22/24 14:04:25.688] -maxZ=0,0,100            ;probe inserted to given depth (ip,depth-type,depth-value)
[Thd 7356 CPU 10 10/22/24 14:04:25.688] -pass1_force_ni_ob_bin   ;write pass one ni/ob binary tcat file even if not changed
[Thd 7356 CPU 10 10/22/24 14:04:25.688] -supercat={dir,run_ga}   ;concatenate existing output files across runs (see ReadMe)
[Thd 7356 CPU 10 10/22/24 14:04:25.688] -supercat_trim_edges     ;supercat after trimming each stream to matched sync edges
[Thd 7356 CPU 10 10/22/24 14:04:25.688] -supercat_skip_ni_ob_bin ;do not supercat ni/ob binary files
[Thd 7356 CPU 10 10/22/24 14:04:25.688] -dest=path               ;alternate path for output files (must exist)
[Thd 7356 CPU 10 10/22/24 14:04:25.688] -no_catgt_fld            ;if using -dest, do not create catgt_run subfolder
[Thd 7356 CPU 10 10/22/24 14:04:25.688] -out_prb_fld             ;if using -dest, create output subfolder per probe
[Thd 7356 CPU 10 10/22/24 14:04:25.688] ------------------------
[Thd 7356 CPU 10 10/22/24 14:04:25.688] 
[Thd 7792 CPU 2 10/22/24 14:06:33.705] Error: Missing stream indicator {-ni, -ob, -ap, -lf}.
[Thd 7792 CPU 2 10/22/24 14:06:33.706] 
[Thd 7792 CPU 2 10/22/24 14:06:33.706] *** ERROR: MISSING CRITICAL PARAMETERS ***
[Thd 7792 CPU 2 10/22/24 14:06:33.706] ------------------------
[Thd 7792 CPU 2 10/22/24 14:06:33.706] Purpose:
[Thd 7792 CPU 2 10/22/24 14:06:33.706] + Optionally join trials with given run_name and index ranges [ga,gb] [ta,tb]...
[Thd 7792 CPU 2 10/22/24 14:06:33.706] + ...Or run on any individual file.
[Thd 7792 CPU 2 10/22/24 14:06:33.706] + Optionally apply demultiplexing corrections.
[Thd 7792 CPU 2 10/22/24 14:06:33.706] + Optionally apply band-pass and global CAR filters.
[Thd 7792 CPU 2 10/22/24 14:06:33.706] + Optionally edit out saturation artifacts.
[Thd 7792 CPU 2 10/22/24 14:06:33.706] + Optionally extract tables of sync waveform edge times to drive TPrime.
[Thd 7792 CPU 2 10/22/24 14:06:33.706] + Optionally extract tables of other nonneural event times to be aligned with spikes.
[Thd 7792 CPU 2 10/22/24 14:06:33.706] + Optionally join the above outputs across different runs (supercat feature).

[Thd 7792 CPU 2 10/22/24 14:06:33.706] Output:
[Thd 7792 CPU 2 10/22/24 14:06:33.706] + Results are placed next to source, named like this, with t-index = tcat:
[Thd 7792 CPU 2 10/22/24 14:06:33.706] +    path/run_name_g5_tcat.imec1.ap.bin.
[Thd 7792 CPU 2 10/22/24 14:06:33.706] + Errors and run messages are appended to CatGT.log in the current working directory.

[Thd 7792 CPU 2 10/22/24 14:06:33.706] Usage:
[Thd 7792 CPU 2 10/22/24 14:06:33.706] >CatGT -dir=data_dir -run=run_name -g=ga,gb -t=ta,tb <which streams> [ options ]

[Thd 7792 CPU 2 10/22/24 14:06:33.706] Which streams:
[Thd 7792 CPU 2 10/22/24 14:06:33.706] -ni                      ;required to process ni stream
[Thd 7792 CPU 2 10/22/24 14:06:33.706] -ob                      ;required to process ob streams
[Thd 7792 CPU 2 10/22/24 14:06:33.707] -ap                      ;required to process ap streams
[Thd 7792 CPU 2 10/22/24 14:06:33.707] -lf                      ;required to process lf streams
[Thd 7792 CPU 2 10/22/24 14:06:33.707] -obx=0,3:5               ;if -ob process these OneBoxes
[Thd 7792 CPU 2 10/22/24 14:06:33.707] -prb_3A                  ;if -ap or -lf process 3A-style probe files, e.g., run_name_g0_t0.imec.ap.bin
[Thd 7792 CPU 2 10/22/24 14:06:33.707] -prb=0,3:5               ;if -ap or -lf AND !prb_3A process these probes

[Thd 7792 CPU 2 10/22/24 14:06:33.707] Options:
[Thd 7792 CPU 2 10/22/24 14:06:33.707] -no_run_fld              ;older data, or data files relocated without a run folder
[Thd 7792 CPU 2 10/22/24 14:06:33.707] -prb_fld                 ;use folder-per-probe organization
[Thd 7792 CPU 2 10/22/24 14:06:33.707] -prb_miss_ok             ;instead of stopping, silently skip missing probes
[Thd 7792 CPU 2 10/22/24 14:06:33.707] -gtlist={gj,tja,tjb}     ;override {-g,-t} giving each listed g-index its own t-range
[Thd 7792 CPU 2 10/22/24 14:06:33.707] -t=cat                   ;extract events from CatGT output files (instead of -t=ta,tb)
[Thd 7792 CPU 2 10/22/24 14:06:33.707] -exported                ;apply FileViewer 'exported' tag to in/output filenames
[Thd 7792 CPU 2 10/22/24 14:06:33.707] -t_miss_ok               ;instead of stopping, zero-fill if trial missing
[Thd 7792 CPU 2 10/22/24 14:06:33.707] -zerofillmax=500         ;set a maximum zero-fill span (millisec)
[Thd 7792 CPU 2 10/22/24 14:06:33.707] -no_linefill             ;disable overwriting zero fills with line fills
[Thd 7792 CPU 2 10/22/24 14:06:33.707] -startsecs=120.0         ;skip this initial span of each input stream (float seconds)
[Thd 7792 CPU 2 10/22/24 14:06:33.707] -maxsecs=7.5             ;set a maximum output file length (float seconds)
[Thd 7792 CPU 2 10/22/24 14:06:33.707] -apfilter=Typ,N,Fhi,Flo  ;apply ap band-pass filter of given {type, order, corners(float Hz)}
[Thd 7792 CPU 2 10/22/24 14:06:33.707] -lffilter=Typ,N,Fhi,Flo  ;apply lf band-pass filter of given {type, order, corners(float Hz)}
[Thd 7792 CPU 2 10/22/24 14:06:33.707] -no_tshift               ;DO NOT time-align channels to account for ADC multiplexing
[Thd 7792 CPU 2 10/22/24 14:06:33.707] -loccar_um=40,140        ;apply ap local CAR annulus (exclude radius, include radius)
[Thd 7792 CPU 2 10/22/24 14:06:33.707] -loccar=2,8              ;apply ap local CAR annulus (exclude radius, include radius)
[Thd 7792 CPU 2 10/22/24 14:06:33.707] -gblcar                  ;apply ap global CAR filter over all channels
[Thd 7792 CPU 2 10/22/24 14:06:33.707] -gbldmx                  ;apply ap global demuxed CAR filter over channel groups
[Thd 7792 CPU 2 10/22/24 14:06:33.707] -gfix=0.40,0.10,0.02     ;rmv ap artifacts: ||amp(mV)||, ||slope(mV/sample)||, ||noise(mV)||
[Thd 7792 CPU 2 10/22/24 14:06:33.707] -chnexcl={prb;chans}     ;this probe, exclude listed chans from ap loccar, gblcar, gfix
[Thd 7792 CPU 2 10/22/24 14:06:33.707] -xa=0,0,2,3.0,4.5,25     ;extract pulse signal from analog chan (js,ip,word,thresh1(V),thresh2(V),millisec)
[Thd 7792 CPU 2 10/22/24 14:06:33.707] -xd=2,0,384,6,500        ;extract pulse signal from digital chan (js,ip,word,bit,millisec)
[Thd 7792 CPU 2 10/22/24 14:06:33.707] -xia=0,0,2,3.0,4.5,2     ;inverted version of xa
[Thd 7792 CPU 2 10/22/24 14:06:33.707] -xid=2,0,384,6,50        ;inverted version of xd
[Thd 7792 CPU 2 10/22/24 14:06:33.707] -bf=0,0,8,2,4,3          ;extract numeric bit-field from digital chan (js,ip,word,startbit,nbits,inarow)
[Thd 7792 CPU 2 10/22/24 14:06:33.707] -inarow=5                ;extractor {xa,xd,xia,xid} antibounce stay high/low sample count
[Thd 7792 CPU 2 10/22/24 14:06:33.708] -no_auto_sync            ;disable the automatic extraction of sync edges in all streams
[Thd 7792 CPU 2 10/22/24 14:06:33.708] -save=2,0,5,20:60        ;save subset of probe chans (js,ip1,ip2,chan-list)
[Thd 7792 CPU 2 10/22/24 14:06:33.708] -sepShanks=0,0,1,2,-1    ;save each shank in sep file (ip,ip0,ip1,ip2,ip3)
[Thd 7792 CPU 2 10/22/24 14:06:33.708] -maxZ=0,0,100            ;probe inserted to given depth (ip,depth-type,depth-value)
[Thd 7792 CPU 2 10/22/24 14:06:33.708] -pass1_force_ni_ob_bin   ;write pass one ni/ob binary tcat file even if not changed
[Thd 7792 CPU 2 10/22/24 14:06:33.708] -supercat={dir,run_ga}   ;concatenate existing output files across runs (see ReadMe)
[Thd 7792 CPU 2 10/22/24 14:06:33.708] -supercat_trim_edges     ;supercat after trimming each stream to matched sync edges
[Thd 7792 CPU 2 10/22/24 14:06:33.708] -supercat_skip_ni_ob_bin ;do not supercat ni/ob binary files
[Thd 7792 CPU 2 10/22/24 14:06:33.708] -dest=path               ;alternate path for output files (must exist)
[Thd 7792 CPU 2 10/22/24 14:06:33.708] -no_catgt_fld            ;if using -dest, do not create catgt_run subfolder
[Thd 7792 CPU 2 10/22/24 14:06:33.708] -out_prb_fld             ;if using -dest, create output subfolder per probe
[Thd 7792 CPU 2 10/22/24 14:06:33.708] ------------------------
[Thd 7792 CPU 2 10/22/24 14:06:33.708] 
[Thd 10004 CPU 13 10/22/24 14:07:48.305] Error: Missing stream indicator {-ni, -ob, -ap, -lf}.
[Thd 10004 CPU 13 10/22/24 14:07:48.305] 
[Thd 10004 CPU 13 10/22/24 14:07:48.305] *** ERROR: MISSING CRITICAL PARAMETERS ***
[Thd 10004 CPU 13 10/22/24 14:07:48.305] ------------------------
[Thd 10004 CPU 13 10/22/24 14:07:48.305] Purpose:
[Thd 10004 CPU 13 10/22/24 14:07:48.305] + Optionally join trials with given run_name and index ranges [ga,gb] [ta,tb]...
[Thd 10004 CPU 13 10/22/24 14:07:48.305] + ...Or run on any individual file.
[Thd 10004 CPU 13 10/22/24 14:07:48.305] + Optionally apply demultiplexing corrections.
[Thd 10004 CPU 13 10/22/24 14:07:48.305] + Optionally apply band-pass and global CAR filters.
[Thd 10004 CPU 13 10/22/24 14:07:48.305] + Optionally edit out saturation artifacts.
[Thd 10004 CPU 13 10/22/24 14:07:48.305] + Optionally extract tables of sync waveform edge times to drive TPrime.
[Thd 10004 CPU 13 10/22/24 14:07:48.305] + Optionally extract tables of other nonneural event times to be aligned with spikes.
[Thd 10004 CPU 13 10/22/24 14:07:48.305] + Optionally join the above outputs across different runs (supercat feature).

[Thd 10004 CPU 13 10/22/24 14:07:48.305] Output:
[Thd 10004 CPU 13 10/22/24 14:07:48.305] + Results are placed next to source, named like this, with t-index = tcat:
[Thd 10004 CPU 13 10/22/24 14:07:48.305] +    path/run_name_g5_tcat.imec1.ap.bin.
[Thd 10004 CPU 13 10/22/24 14:07:48.306] + Errors and run messages are appended to CatGT.log in the current working directory.

[Thd 10004 CPU 13 10/22/24 14:07:48.306] Usage:
[Thd 10004 CPU 13 10/22/24 14:07:48.306] >CatGT -dir=data_dir -run=run_name -g=ga,gb -t=ta,tb <which streams> [ options ]

[Thd 10004 CPU 13 10/22/24 14:07:48.306] Which streams:
[Thd 10004 CPU 13 10/22/24 14:07:48.306] -ni                      ;required to process ni stream
[Thd 10004 CPU 13 10/22/24 14:07:48.306] -ob                      ;required to process ob streams
[Thd 10004 CPU 13 10/22/24 14:07:48.306] -ap                      ;required to process ap streams
[Thd 10004 CPU 13 10/22/24 14:07:48.306] -lf                      ;required to process lf streams
[Thd 10004 CPU 13 10/22/24 14:07:48.306] -obx=0,3:5               ;if -ob process these OneBoxes
[Thd 10004 CPU 13 10/22/24 14:07:48.306] -prb_3A                  ;if -ap or -lf process 3A-style probe files, e.g., run_name_g0_t0.imec.ap.bin
[Thd 10004 CPU 13 10/22/24 14:07:48.306] -prb=0,3:5               ;if -ap or -lf AND !prb_3A process these probes

[Thd 10004 CPU 13 10/22/24 14:07:48.306] Options:
[Thd 10004 CPU 13 10/22/24 14:07:48.306] -no_run_fld              ;older data, or data files relocated without a run folder
[Thd 10004 CPU 13 10/22/24 14:07:48.306] -prb_fld                 ;use folder-per-probe organization
[Thd 10004 CPU 13 10/22/24 14:07:48.306] -prb_miss_ok             ;instead of stopping, silently skip missing probes
[Thd 10004 CPU 13 10/22/24 14:07:48.306] -gtlist={gj,tja,tjb}     ;override {-g,-t} giving each listed g-index its own t-range
[Thd 10004 CPU 13 10/22/24 14:07:48.306] -t=cat                   ;extract events from CatGT output files (instead of -t=ta,tb)
[Thd 10004 CPU 13 10/22/24 14:07:48.306] -exported                ;apply FileViewer 'exported' tag to in/output filenames
[Thd 10004 CPU 13 10/22/24 14:07:48.306] -t_miss_ok               ;instead of stopping, zero-fill if trial missing
[Thd 10004 CPU 13 10/22/24 14:07:48.306] -zerofillmax=500         ;set a maximum zero-fill span (millisec)
[Thd 10004 CPU 13 10/22/24 14:07:48.306] -no_linefill             ;disable overwriting zero fills with line fills
[Thd 10004 CPU 13 10/22/24 14:07:48.306] -startsecs=120.0         ;skip this initial span of each input stream (float seconds)
[Thd 10004 CPU 13 10/22/24 14:07:48.306] -maxsecs=7.5             ;set a maximum output file length (float seconds)
[Thd 10004 CPU 13 10/22/24 14:07:48.306] -apfilter=Typ,N,Fhi,Flo  ;apply ap band-pass filter of given {type, order, corners(float Hz)}
[Thd 10004 CPU 13 10/22/24 14:07:48.306] -lffilter=Typ,N,Fhi,Flo  ;apply lf band-pass filter of given {type, order, corners(float Hz)}
[Thd 10004 CPU 13 10/22/24 14:07:48.306] -no_tshift               ;DO NOT time-align channels to account for ADC multiplexing
[Thd 10004 CPU 13 10/22/24 14:07:48.306] -loccar_um=40,140        ;apply ap local CAR annulus (exclude radius, include radius)
[Thd 10004 CPU 13 10/22/24 14:07:48.306] -loccar=2,8              ;apply ap local CAR annulus (exclude radius, include radius)
[Thd 10004 CPU 13 10/22/24 14:07:48.306] -gblcar                  ;apply ap global CAR filter over all channels
[Thd 10004 CPU 13 10/22/24 14:07:48.306] -gbldmx                  ;apply ap global demuxed CAR filter over channel groups
[Thd 10004 CPU 13 10/22/24 14:07:48.306] -gfix=0.40,0.10,0.02     ;rmv ap artifacts: ||amp(mV)||, ||slope(mV/sample)||, ||noise(mV)||
[Thd 10004 CPU 13 10/22/24 14:07:48.307] -chnexcl={prb;chans}     ;this probe, exclude listed chans from ap loccar, gblcar, gfix
[Thd 10004 CPU 13 10/22/24 14:07:48.307] -xa=0,0,2,3.0,4.5,25     ;extract pulse signal from analog chan (js,ip,word,thresh1(V),thresh2(V),millisec)
[Thd 10004 CPU 13 10/22/24 14:07:48.307] -xd=2,0,384,6,500        ;extract pulse signal from digital chan (js,ip,word,bit,millisec)
[Thd 10004 CPU 13 10/22/24 14:07:48.307] -xia=0,0,2,3.0,4.5,2     ;inverted version of xa
[Thd 10004 CPU 13 10/22/24 14:07:48.307] -xid=2,0,384,6,50        ;inverted version of xd
[Thd 10004 CPU 13 10/22/24 14:07:48.307] -bf=0,0,8,2,4,3          ;extract numeric bit-field from digital chan (js,ip,word,startbit,nbits,inarow)
[Thd 10004 CPU 13 10/22/24 14:07:48.307] -inarow=5                ;extractor {xa,xd,xia,xid} antibounce stay high/low sample count
[Thd 10004 CPU 13 10/22/24 14:07:48.307] -no_auto_sync            ;disable the automatic extraction of sync edges in all streams
[Thd 10004 CPU 13 10/22/24 14:07:48.307] -save=2,0,5,20:60        ;save subset of probe chans (js,ip1,ip2,chan-list)
[Thd 10004 CPU 13 10/22/24 14:07:48.307] -sepShanks=0,0,1,2,-1    ;save each shank in sep file (ip,ip0,ip1,ip2,ip3)
[Thd 10004 CPU 13 10/22/24 14:07:48.307] -maxZ=0,0,100            ;probe inserted to given depth (ip,depth-type,depth-value)
[Thd 10004 CPU 13 10/22/24 14:07:48.307] -pass1_force_ni_ob_bin   ;write pass one ni/ob binary tcat file even if not changed
[Thd 10004 CPU 13 10/22/24 14:07:48.307] -supercat={dir,run_ga}   ;concatenate existing output files across runs (see ReadMe)
[Thd 10004 CPU 13 10/22/24 14:07:48.307] -supercat_trim_edges     ;supercat after trimming each stream to matched sync edges
[Thd 10004 CPU 13 10/22/24 14:07:48.307] -supercat_skip_ni_ob_bin ;do not supercat ni/ob binary files
[Thd 10004 CPU 13 10/22/24 14:07:48.307] -dest=path               ;alternate path for output files (must exist)
[Thd 10004 CPU 13 10/22/24 14:07:48.307] -no_catgt_fld            ;if using -dest, do not create catgt_run subfolder
[Thd 10004 CPU 13 10/22/24 14:07:48.307] -out_prb_fld             ;if using -dest, create output subfolder per probe
[Thd 10004 CPU 13 10/22/24 14:07:48.307] ------------------------
[Thd 10004 CPU 13 10/22/24 14:07:48.307] 
[Thd 6000 CPU 10 10/22/24 14:07:58.074] Error: Missing stream indicator {-ni, -ob, -ap, -lf}.
[Thd 6000 CPU 10 10/22/24 14:07:58.074] 
[Thd 6000 CPU 10 10/22/24 14:07:58.074] *** ERROR: MISSING CRITICAL PARAMETERS ***
[Thd 6000 CPU 10 10/22/24 14:07:58.074] ------------------------
[Thd 6000 CPU 10 10/22/24 14:07:58.074] Purpose:
[Thd 6000 CPU 10 10/22/24 14:07:58.075] + Optionally join trials with given run_name and index ranges [ga,gb] [ta,tb]...
[Thd 6000 CPU 9 10/22/24 14:07:58.075] + ...Or run on any individual file.
[Thd 6000 CPU 9 10/22/24 14:07:58.075] + Optionally apply demultiplexing corrections.
[Thd 6000 CPU 9 10/22/24 14:07:58.075] + Optionally apply band-pass and global CAR filters.
[Thd 6000 CPU 9 10/22/24 14:07:58.075] + Optionally edit out saturation artifacts.
[Thd 6000 CPU 9 10/22/24 14:07:58.075] + Optionally extract tables of sync waveform edge times to drive TPrime.
[Thd 6000 CPU 9 10/22/24 14:07:58.075] + Optionally extract tables of other nonneural event times to be aligned with spikes.
[Thd 6000 CPU 9 10/22/24 14:07:58.075] + Optionally join the above outputs across different runs (supercat feature).

[Thd 6000 CPU 9 10/22/24 14:07:58.075] Output:
[Thd 6000 CPU 9 10/22/24 14:07:58.075] + Results are placed next to source, named like this, with t-index = tcat:
[Thd 6000 CPU 9 10/22/24 14:07:58.075] +    path/run_name_g5_tcat.imec1.ap.bin.
[Thd 6000 CPU 9 10/22/24 14:07:58.075] + Errors and run messages are appended to CatGT.log in the current working directory.

[Thd 6000 CPU 9 10/22/24 14:07:58.075] Usage:
[Thd 6000 CPU 9 10/22/24 14:07:58.075] >CatGT -dir=data_dir -run=run_name -g=ga,gb -t=ta,tb <which streams> [ options ]

[Thd 6000 CPU 9 10/22/24 14:07:58.075] Which streams:
[Thd 6000 CPU 9 10/22/24 14:07:58.075] -ni                      ;required to process ni stream
[Thd 6000 CPU 9 10/22/24 14:07:58.075] -ob                      ;required to process ob streams
[Thd 6000 CPU 9 10/22/24 14:07:58.075] -ap                      ;required to process ap streams
[Thd 6000 CPU 9 10/22/24 14:07:58.075] -lf                      ;required to process lf streams
[Thd 6000 CPU 9 10/22/24 14:07:58.075] -obx=0,3:5               ;if -ob process these OneBoxes
[Thd 6000 CPU 9 10/22/24 14:07:58.075] -prb_3A                  ;if -ap or -lf process 3A-style probe files, e.g., run_name_g0_t0.imec.ap.bin
[Thd 6000 CPU 9 10/22/24 14:07:58.075] -prb=0,3:5               ;if -ap or -lf AND !prb_3A process these probes

[Thd 6000 CPU 9 10/22/24 14:07:58.075] Options:
[Thd 6000 CPU 9 10/22/24 14:07:58.075] -no_run_fld              ;older data, or data files relocated without a run folder
[Thd 6000 CPU 9 10/22/24 14:07:58.075] -prb_fld                 ;use folder-per-probe organization
[Thd 6000 CPU 9 10/22/24 14:07:58.076] -prb_miss_ok             ;instead of stopping, silently skip missing probes
[Thd 6000 CPU 9 10/22/24 14:07:58.076] -gtlist={gj,tja,tjb}     ;override {-g,-t} giving each listed g-index its own t-range
[Thd 6000 CPU 9 10/22/24 14:07:58.076] -t=cat                   ;extract events from CatGT output files (instead of -t=ta,tb)
[Thd 6000 CPU 9 10/22/24 14:07:58.076] -exported                ;apply FileViewer 'exported' tag to in/output filenames
[Thd 6000 CPU 9 10/22/24 14:07:58.076] -t_miss_ok               ;instead of stopping, zero-fill if trial missing
[Thd 6000 CPU 9 10/22/24 14:07:58.076] -zerofillmax=500         ;set a maximum zero-fill span (millisec)
[Thd 6000 CPU 9 10/22/24 14:07:58.076] -no_linefill             ;disable overwriting zero fills with line fills
[Thd 6000 CPU 9 10/22/24 14:07:58.076] -startsecs=120.0         ;skip this initial span of each input stream (float seconds)
[Thd 6000 CPU 9 10/22/24 14:07:58.076] -maxsecs=7.5             ;set a maximum output file length (float seconds)
[Thd 6000 CPU 9 10/22/24 14:07:58.076] -apfilter=Typ,N,Fhi,Flo  ;apply ap band-pass filter of given {type, order, corners(float Hz)}
[Thd 6000 CPU 9 10/22/24 14:07:58.076] -lffilter=Typ,N,Fhi,Flo  ;apply lf band-pass filter of given {type, order, corners(float Hz)}
[Thd 6000 CPU 9 10/22/24 14:07:58.076] -no_tshift               ;DO NOT time-align channels to account for ADC multiplexing
[Thd 6000 CPU 9 10/22/24 14:07:58.076] -loccar_um=40,140        ;apply ap local CAR annulus (exclude radius, include radius)
[Thd 6000 CPU 9 10/22/24 14:07:58.076] -loccar=2,8              ;apply ap local CAR annulus (exclude radius, include radius)
[Thd 6000 CPU 9 10/22/24 14:07:58.076] -gblcar                  ;apply ap global CAR filter over all channels
[Thd 6000 CPU 9 10/22/24 14:07:58.076] -gbldmx                  ;apply ap global demuxed CAR filter over channel groups
[Thd 6000 CPU 9 10/22/24 14:07:58.076] -gfix=0.40,0.10,0.02     ;rmv ap artifacts: ||amp(mV)||, ||slope(mV/sample)||, ||noise(mV)||
[Thd 6000 CPU 9 10/22/24 14:07:58.076] -chnexcl={prb;chans}     ;this probe, exclude listed chans from ap loccar, gblcar, gfix
[Thd 6000 CPU 9 10/22/24 14:07:58.076] -xa=0,0,2,3.0,4.5,25     ;extract pulse signal from analog chan (js,ip,word,thresh1(V),thresh2(V),millisec)
[Thd 6000 CPU 9 10/22/24 14:07:58.076] -xd=2,0,384,6,500        ;extract pulse signal from digital chan (js,ip,word,bit,millisec)
[Thd 6000 CPU 9 10/22/24 14:07:58.076] -xia=0,0,2,3.0,4.5,2     ;inverted version of xa
[Thd 6000 CPU 9 10/22/24 14:07:58.076] -xid=2,0,384,6,50        ;inverted version of xd
[Thd 6000 CPU 9 10/22/24 14:07:58.076] -bf=0,0,8,2,4,3          ;extract numeric bit-field from digital chan (js,ip,word,startbit,nbits,inarow)
[Thd 6000 CPU 9 10/22/24 14:07:58.076] -inarow=5                ;extractor {xa,xd,xia,xid} antibounce stay high/low sample count
[Thd 6000 CPU 9 10/22/24 14:07:58.076] -no_auto_sync            ;disable the automatic extraction of sync edges in all streams
[Thd 6000 CPU 9 10/22/24 14:07:58.076] -save=2,0,5,20:60        ;save subset of probe chans (js,ip1,ip2,chan-list)
[Thd 6000 CPU 9 10/22/24 14:07:58.076] -sepShanks=0,0,1,2,-1    ;save each shank in sep file (ip,ip0,ip1,ip2,ip3)
[Thd 6000 CPU 9 10/22/24 14:07:58.076] -maxZ=0,0,100            ;probe inserted to given depth (ip,depth-type,depth-value)
[Thd 6000 CPU 9 10/22/24 14:07:58.076] -pass1_force_ni_ob_bin   ;write pass one ni/ob binary tcat file even if not changed
[Thd 6000 CPU 9 10/22/24 14:07:58.076] -supercat={dir,run_ga}   ;concatenate existing output files across runs (see ReadMe)
[Thd 6000 CPU 9 10/22/24 14:07:58.076] -supercat_trim_edges     ;supercat after trimming each stream to matched sync edges
[Thd 6000 CPU 9 10/22/24 14:07:58.076] -supercat_skip_ni_ob_bin ;do not supercat ni/ob binary files
[Thd 6000 CPU 9 10/22/24 14:07:58.076] -dest=path               ;alternate path for output files (must exist)
[Thd 6000 CPU 9 10/22/24 14:07:58.077] -no_catgt_fld            ;if using -dest, do not create catgt_run subfolder
[Thd 6000 CPU 9 10/22/24 14:07:58.077] -out_prb_fld             ;if using -dest, create output subfolder per probe
[Thd 6000 CPU 9 10/22/24 14:07:58.077] ------------------------
[Thd 6000 CPU 9 10/22/24 14:07:58.077] 
[Thd 32404 CPU 10 10/22/24 14:09:28.152] Error: Missing stream indicator {-ni, -ob, -ap, -lf}.
[Thd 32404 CPU 10 10/22/24 14:09:28.152] 
[Thd 32404 CPU 10 10/22/24 14:09:28.152] *** ERROR: MISSING CRITICAL PARAMETERS ***
[Thd 32404 CPU 10 10/22/24 14:09:28.152] ------------------------
[Thd 32404 CPU 10 10/22/24 14:09:28.152] Purpose:
[Thd 32404 CPU 10 10/22/24 14:09:28.152] + Optionally join trials with given run_name and index ranges [ga,gb] [ta,tb]...
[Thd 32404 CPU 10 10/22/24 14:09:28.152] + ...Or run on any individual file.
[Thd 32404 CPU 10 10/22/24 14:09:28.152] + Optionally apply demultiplexing corrections.
[Thd 32404 CPU 10 10/22/24 14:09:28.152] + Optionally apply band-pass and global CAR filters.
[Thd 32404 CPU 10 10/22/24 14:09:28.152] + Optionally edit out saturation artifacts.
[Thd 32404 CPU 10 10/22/24 14:09:28.152] + Optionally extract tables of sync waveform edge times to drive TPrime.
[Thd 32404 CPU 10 10/22/24 14:09:28.153] + Optionally extract tables of other nonneural event times to be aligned with spikes.
[Thd 32404 CPU 10 10/22/24 14:09:28.153] + Optionally join the above outputs across different runs (supercat feature).

[Thd 32404 CPU 10 10/22/24 14:09:28.153] Output:
[Thd 32404 CPU 10 10/22/24 14:09:28.153] + Results are placed next to source, named like this, with t-index = tcat:
[Thd 32404 CPU 10 10/22/24 14:09:28.153] +    path/run_name_g5_tcat.imec1.ap.bin.
[Thd 32404 CPU 10 10/22/24 14:09:28.153] + Errors and run messages are appended to CatGT.log in the current working directory.

[Thd 32404 CPU 10 10/22/24 14:09:28.153] Usage:
[Thd 32404 CPU 10 10/22/24 14:09:28.153] >CatGT -dir=data_dir -run=run_name -g=ga,gb -t=ta,tb <which streams> [ options ]

[Thd 32404 CPU 10 10/22/24 14:09:28.153] Which streams:
[Thd 32404 CPU 10 10/22/24 14:09:28.153] -ni                      ;required to process ni stream
[Thd 32404 CPU 10 10/22/24 14:09:28.153] -ob                      ;required to process ob streams
[Thd 32404 CPU 10 10/22/24 14:09:28.153] -ap                      ;required to process ap streams
[Thd 32404 CPU 10 10/22/24 14:09:28.153] -lf                      ;required to process lf streams
[Thd 32404 CPU 10 10/22/24 14:09:28.153] -obx=0,3:5               ;if -ob process these OneBoxes
[Thd 32404 CPU 10 10/22/24 14:09:28.153] -prb_3A                  ;if -ap or -lf process 3A-style probe files, e.g., run_name_g0_t0.imec.ap.bin
[Thd 32404 CPU 10 10/22/24 14:09:28.153] -prb=0,3:5               ;if -ap or -lf AND !prb_3A process these probes

[Thd 32404 CPU 10 10/22/24 14:09:28.153] Options:
[Thd 32404 CPU 10 10/22/24 14:09:28.153] -no_run_fld              ;older data, or data files relocated without a run folder
[Thd 32404 CPU 10 10/22/24 14:09:28.153] -prb_fld                 ;use folder-per-probe organization
[Thd 32404 CPU 10 10/22/24 14:09:28.153] -prb_miss_ok             ;instead of stopping, silently skip missing probes
[Thd 32404 CPU 10 10/22/24 14:09:28.153] -gtlist={gj,tja,tjb}     ;override {-g,-t} giving each listed g-index its own t-range
[Thd 32404 CPU 10 10/22/24 14:09:28.153] -t=cat                   ;extract events from CatGT output files (instead of -t=ta,tb)
[Thd 32404 CPU 10 10/22/24 14:09:28.153] -exported                ;apply FileViewer 'exported' tag to in/output filenames
[Thd 32404 CPU 10 10/22/24 14:09:28.153] -t_miss_ok               ;instead of stopping, zero-fill if trial missing
[Thd 32404 CPU 10 10/22/24 14:09:28.153] -zerofillmax=500         ;set a maximum zero-fill span (millisec)
[Thd 32404 CPU 10 10/22/24 14:09:28.153] -no_linefill             ;disable overwriting zero fills with line fills
[Thd 32404 CPU 10 10/22/24 14:09:28.153] -startsecs=120.0         ;skip this initial span of each input stream (float seconds)
[Thd 32404 CPU 10 10/22/24 14:09:28.153] -maxsecs=7.5             ;set a maximum output file length (float seconds)
[Thd 32404 CPU 10 10/22/24 14:09:28.153] -apfilter=Typ,N,Fhi,Flo  ;apply ap band-pass filter of given {type, order, corners(float Hz)}
[Thd 32404 CPU 10 10/22/24 14:09:28.153] -lffilter=Typ,N,Fhi,Flo  ;apply lf band-pass filter of given {type, order, corners(float Hz)}
[Thd 32404 CPU 10 10/22/24 14:09:28.153] -no_tshift               ;DO NOT time-align channels to account for ADC multiplexing
[Thd 32404 CPU 10 10/22/24 14:09:28.154] -loccar_um=40,140        ;apply ap local CAR annulus (exclude radius, include radius)
[Thd 32404 CPU 10 10/22/24 14:09:28.154] -loccar=2,8              ;apply ap local CAR annulus (exclude radius, include radius)
[Thd 32404 CPU 10 10/22/24 14:09:28.154] -gblcar                  ;apply ap global CAR filter over all channels
[Thd 32404 CPU 10 10/22/24 14:09:28.154] -gbldmx                  ;apply ap global demuxed CAR filter over channel groups
[Thd 32404 CPU 10 10/22/24 14:09:28.154] -gfix=0.40,0.10,0.02     ;rmv ap artifacts: ||amp(mV)||, ||slope(mV/sample)||, ||noise(mV)||
[Thd 32404 CPU 10 10/22/24 14:09:28.154] -chnexcl={prb;chans}     ;this probe, exclude listed chans from ap loccar, gblcar, gfix
[Thd 32404 CPU 10 10/22/24 14:09:28.154] -xa=0,0,2,3.0,4.5,25     ;extract pulse signal from analog chan (js,ip,word,thresh1(V),thresh2(V),millisec)
[Thd 32404 CPU 10 10/22/24 14:09:28.154] -xd=2,0,384,6,500        ;extract pulse signal from digital chan (js,ip,word,bit,millisec)
[Thd 32404 CPU 10 10/22/24 14:09:28.154] -xia=0,0,2,3.0,4.5,2     ;inverted version of xa
[Thd 32404 CPU 10 10/22/24 14:09:28.154] -xid=2,0,384,6,50        ;inverted version of xd
[Thd 32404 CPU 10 10/22/24 14:09:28.154] -bf=0,0,8,2,4,3          ;extract numeric bit-field from digital chan (js,ip,word,startbit,nbits,inarow)
[Thd 32404 CPU 10 10/22/24 14:09:28.154] -inarow=5                ;extractor {xa,xd,xia,xid} antibounce stay high/low sample count
[Thd 32404 CPU 10 10/22/24 14:09:28.154] -no_auto_sync            ;disable the automatic extraction of sync edges in all streams
[Thd 32404 CPU 10 10/22/24 14:09:28.154] -save=2,0,5,20:60        ;save subset of probe chans (js,ip1,ip2,chan-list)
[Thd 32404 CPU 10 10/22/24 14:09:28.154] -sepShanks=0,0,1,2,-1    ;save each shank in sep file (ip,ip0,ip1,ip2,ip3)
[Thd 32404 CPU 10 10/22/24 14:09:28.154] -maxZ=0,0,100            ;probe inserted to given depth (ip,depth-type,depth-value)
[Thd 32404 CPU 10 10/22/24 14:09:28.154] -pass1_force_ni_ob_bin   ;write pass one ni/ob binary tcat file even if not changed
[Thd 32404 CPU 10 10/22/24 14:09:28.154] -supercat={dir,run_ga}   ;concatenate existing output files across runs (see ReadMe)
[Thd 32404 CPU 10 10/22/24 14:09:28.154] -supercat_trim_edges     ;supercat after trimming each stream to matched sync edges
[Thd 32404 CPU 10 10/22/24 14:09:28.154] -supercat_skip_ni_ob_bin ;do not supercat ni/ob binary files
[Thd 32404 CPU 10 10/22/24 14:09:28.154] -dest=path               ;alternate path for output files (must exist)
[Thd 32404 CPU 10 10/22/24 14:09:28.154] -no_catgt_fld            ;if using -dest, do not create catgt_run subfolder
[Thd 32404 CPU 10 10/22/24 14:09:28.154] -out_prb_fld             ;if using -dest, create output subfolder per probe
[Thd 32404 CPU 10 10/22/24 14:09:28.154] ------------------------
[Thd 32404 CPU 10 10/22/24 14:09:28.154] 
[Thd 8504 CPU 10 10/22/24 14:09:53.321] Error: Missing stream indicator {-ni, -ob, -ap, -lf}.
[Thd 8504 CPU 10 10/22/24 14:09:53.322] 
[Thd 8504 CPU 10 10/22/24 14:09:53.322] *** ERROR: MISSING CRITICAL PARAMETERS ***
[Thd 8504 CPU 10 10/22/24 14:09:53.322] ------------------------
[Thd 8504 CPU 10 10/22/24 14:09:53.322] Purpose:
[Thd 8504 CPU 10 10/22/24 14:09:53.322] + Optionally join trials with given run_name and index ranges [ga,gb] [ta,tb]...
[Thd 8504 CPU 10 10/22/24 14:09:53.322] + ...Or run on any individual file.
[Thd 8504 CPU 10 10/22/24 14:09:53.322] + Optionally apply demultiplexing corrections.
[Thd 8504 CPU 10 10/22/24 14:09:53.322] + Optionally apply band-pass and global CAR filters.
[Thd 8504 CPU 10 10/22/24 14:09:53.322] + Optionally edit out saturation artifacts.
[Thd 8504 CPU 10 10/22/24 14:09:53.322] + Optionally extract tables of sync waveform edge times to drive TPrime.
[Thd 8504 CPU 10 10/22/24 14:09:53.322] + Optionally extract tables of other nonneural event times to be aligned with spikes.
[Thd 8504 CPU 10 10/22/24 14:09:53.322] + Optionally join the above outputs across different runs (supercat feature).

[Thd 8504 CPU 10 10/22/24 14:09:53.322] Output:
[Thd 8504 CPU 10 10/22/24 14:09:53.322] + Results are placed next to source, named like this, with t-index = tcat:
[Thd 8504 CPU 10 10/22/24 14:09:53.322] +    path/run_name_g5_tcat.imec1.ap.bin.
[Thd 8504 CPU 10 10/22/24 14:09:53.322] + Errors and run messages are appended to CatGT.log in the current working directory.

[Thd 8504 CPU 10 10/22/24 14:09:53.322] Usage:
[Thd 8504 CPU 10 10/22/24 14:09:53.322] >CatGT -dir=data_dir -run=run_name -g=ga,gb -t=ta,tb <which streams> [ options ]

[Thd 8504 CPU 10 10/22/24 14:09:53.322] Which streams:
[Thd 8504 CPU 10 10/22/24 14:09:53.322] -ni                      ;required to process ni stream
[Thd 8504 CPU 10 10/22/24 14:09:53.323] -ob                      ;required to process ob streams
[Thd 8504 CPU 10 10/22/24 14:09:53.323] -ap                      ;required to process ap streams
[Thd 8504 CPU 10 10/22/24 14:09:53.323] -lf                      ;required to process lf streams
[Thd 8504 CPU 10 10/22/24 14:09:53.323] -obx=0,3:5               ;if -ob process these OneBoxes
[Thd 8504 CPU 10 10/22/24 14:09:53.323] -prb_3A                  ;if -ap or -lf process 3A-style probe files, e.g., run_name_g0_t0.imec.ap.bin
[Thd 8504 CPU 10 10/22/24 14:09:53.323] -prb=0,3:5               ;if -ap or -lf AND !prb_3A process these probes

[Thd 8504 CPU 10 10/22/24 14:09:53.323] Options:
[Thd 8504 CPU 10 10/22/24 14:09:53.323] -no_run_fld              ;older data, or data files relocated without a run folder
[Thd 8504 CPU 10 10/22/24 14:09:53.323] -prb_fld                 ;use folder-per-probe organization
[Thd 8504 CPU 10 10/22/24 14:09:53.323] -prb_miss_ok             ;instead of stopping, silently skip missing probes
[Thd 8504 CPU 10 10/22/24 14:09:53.323] -gtlist={gj,tja,tjb}     ;override {-g,-t} giving each listed g-index its own t-range
[Thd 8504 CPU 10 10/22/24 14:09:53.323] -t=cat                   ;extract events from CatGT output files (instead of -t=ta,tb)
[Thd 8504 CPU 10 10/22/24 14:09:53.323] -exported                ;apply FileViewer 'exported' tag to in/output filenames
[Thd 8504 CPU 10 10/22/24 14:09:53.323] -t_miss_ok               ;instead of stopping, zero-fill if trial missing
[Thd 8504 CPU 10 10/22/24 14:09:53.323] -zerofillmax=500         ;set a maximum zero-fill span (millisec)
[Thd 8504 CPU 10 10/22/24 14:09:53.323] -no_linefill             ;disable overwriting zero fills with line fills
[Thd 8504 CPU 10 10/22/24 14:09:53.323] -startsecs=120.0         ;skip this initial span of each input stream (float seconds)
[Thd 8504 CPU 10 10/22/24 14:09:53.323] -maxsecs=7.5             ;set a maximum output file length (float seconds)
[Thd 8504 CPU 10 10/22/24 14:09:53.323] -apfilter=Typ,N,Fhi,Flo  ;apply ap band-pass filter of given {type, order, corners(float Hz)}
[Thd 8504 CPU 10 10/22/24 14:09:53.323] -lffilter=Typ,N,Fhi,Flo  ;apply lf band-pass filter of given {type, order, corners(float Hz)}
[Thd 8504 CPU 10 10/22/24 14:09:53.323] -no_tshift               ;DO NOT time-align channels to account for ADC multiplexing
[Thd 8504 CPU 10 10/22/24 14:09:53.323] -loccar_um=40,140        ;apply ap local CAR annulus (exclude radius, include radius)
[Thd 8504 CPU 10 10/22/24 14:09:53.323] -loccar=2,8              ;apply ap local CAR annulus (exclude radius, include radius)
[Thd 8504 CPU 10 10/22/24 14:09:53.323] -gblcar                  ;apply ap global CAR filter over all channels
[Thd 8504 CPU 10 10/22/24 14:09:53.323] -gbldmx                  ;apply ap global demuxed CAR filter over channel groups
[Thd 8504 CPU 10 10/22/24 14:09:53.323] -gfix=0.40,0.10,0.02     ;rmv ap artifacts: ||amp(mV)||, ||slope(mV/sample)||, ||noise(mV)||
[Thd 8504 CPU 10 10/22/24 14:09:53.323] -chnexcl={prb;chans}     ;this probe, exclude listed chans from ap loccar, gblcar, gfix
[Thd 8504 CPU 10 10/22/24 14:09:53.323] -xa=0,0,2,3.0,4.5,25     ;extract pulse signal from analog chan (js,ip,word,thresh1(V),thresh2(V),millisec)
[Thd 8504 CPU 10 10/22/24 14:09:53.323] -xd=2,0,384,6,500        ;extract pulse signal from digital chan (js,ip,word,bit,millisec)
[Thd 8504 CPU 10 10/22/24 14:09:53.323] -xia=0,0,2,3.0,4.5,2     ;inverted version of xa
[Thd 8504 CPU 10 10/22/24 14:09:53.323] -xid=2,0,384,6,50        ;inverted version of xd
[Thd 8504 CPU 10 10/22/24 14:09:53.323] -bf=0,0,8,2,4,3          ;extract numeric bit-field from digital chan (js,ip,word,startbit,nbits,inarow)
[Thd 8504 CPU 10 10/22/24 14:09:53.324] -inarow=5                ;extractor {xa,xd,xia,xid} antibounce stay high/low sample count
[Thd 8504 CPU 10 10/22/24 14:09:53.324] -no_auto_sync            ;disable the automatic extraction of sync edges in all streams
[Thd 8504 CPU 10 10/22/24 14:09:53.324] -save=2,0,5,20:60        ;save subset of probe chans (js,ip1,ip2,chan-list)
[Thd 8504 CPU 10 10/22/24 14:09:53.324] -sepShanks=0,0,1,2,-1    ;save each shank in sep file (ip,ip0,ip1,ip2,ip3)
[Thd 8504 CPU 10 10/22/24 14:09:53.324] -maxZ=0,0,100            ;probe inserted to given depth (ip,depth-type,depth-value)
[Thd 8504 CPU 10 10/22/24 14:09:53.324] -pass1_force_ni_ob_bin   ;write pass one ni/ob binary tcat file even if not changed
[Thd 8504 CPU 10 10/22/24 14:09:53.324] -supercat={dir,run_ga}   ;concatenate existing output files across runs (see ReadMe)
[Thd 8504 CPU 10 10/22/24 14:09:53.324] -supercat_trim_edges     ;supercat after trimming each stream to matched sync edges
[Thd 8504 CPU 10 10/22/24 14:09:53.324] -supercat_skip_ni_ob_bin ;do not supercat ni/ob binary files
[Thd 8504 CPU 10 10/22/24 14:09:53.324] -dest=path               ;alternate path for output files (must exist)
[Thd 8504 CPU 10 10/22/24 14:09:53.324] -no_catgt_fld            ;if using -dest, do not create catgt_run subfolder
[Thd 8504 CPU 10 10/22/24 14:09:53.324] -out_prb_fld             ;if using -dest, create output subfolder per probe
[Thd 8504 CPU 10 10/22/24 14:09:53.324] ------------------------
[Thd 8504 CPU 10 10/22/24 14:09:53.324] 
[Thd 29380 CPU 4 10/22/24 14:10:47.042] Error: Missing stream indicator {-ni, -ob, -ap, -lf}.
[Thd 29380 CPU 4 10/22/24 14:10:47.043] 
[Thd 29380 CPU 4 10/22/24 14:10:47.043] *** ERROR: MISSING CRITICAL PARAMETERS ***
[Thd 29380 CPU 4 10/22/24 14:10:47.043] ------------------------
[Thd 29380 CPU 4 10/22/24 14:10:47.043] Purpose:
[Thd 29380 CPU 4 10/22/24 14:10:47.043] + Optionally join trials with given run_name and index ranges [ga,gb] [ta,tb]...
[Thd 29380 CPU 4 10/22/24 14:10:47.043] + ...Or run on any individual file.
[Thd 29380 CPU 4 10/22/24 14:10:47.043] + Optionally apply demultiplexing corrections.
[Thd 29380 CPU 4 10/22/24 14:10:47.043] + Optionally apply band-pass and global CAR filters.
[Thd 29380 CPU 4 10/22/24 14:10:47.043] + Optionally edit out saturation artifacts.
[Thd 29380 CPU 4 10/22/24 14:10:47.043] + Optionally extract tables of sync waveform edge times to drive TPrime.
[Thd 29380 CPU 4 10/22/24 14:10:47.043] + Optionally extract tables of other nonneural event times to be aligned with spikes.
[Thd 29380 CPU 4 10/22/24 14:10:47.043] + Optionally join the above outputs across different runs (supercat feature).

[Thd 29380 CPU 4 10/22/24 14:10:47.043] Output:
[Thd 29380 CPU 4 10/22/24 14:10:47.043] + Results are placed next to source, named like this, with t-index = tcat:
[Thd 29380 CPU 4 10/22/24 14:10:47.043] +    path/run_name_g5_tcat.imec1.ap.bin.
[Thd 29380 CPU 4 10/22/24 14:10:47.043] + Errors and run messages are appended to CatGT.log in the current working directory.

[Thd 29380 CPU 4 10/22/24 14:10:47.043] Usage:
[Thd 29380 CPU 4 10/22/24 14:10:47.043] >CatGT -dir=data_dir -run=run_name -g=ga,gb -t=ta,tb <which streams> [ options ]

[Thd 29380 CPU 4 10/22/24 14:10:47.043] Which streams:
[Thd 29380 CPU 4 10/22/24 14:10:47.043] -ni                      ;required to process ni stream
[Thd 29380 CPU 4 10/22/24 14:10:47.043] -ob                      ;required to process ob streams
[Thd 29380 CPU 4 10/22/24 14:10:47.043] -ap                      ;required to process ap streams
[Thd 29380 CPU 4 10/22/24 14:10:47.043] -lf                      ;required to process lf streams
[Thd 29380 CPU 4 10/22/24 14:10:47.043] -obx=0,3:5               ;if -ob process these OneBoxes
[Thd 29380 CPU 4 10/22/24 14:10:47.043] -prb_3A                  ;if -ap or -lf process 3A-style probe files, e.g., run_name_g0_t0.imec.ap.bin
[Thd 29380 CPU 4 10/22/24 14:10:47.043] -prb=0,3:5               ;if -ap or -lf AND !prb_3A process these probes

[Thd 29380 CPU 4 10/22/24 14:10:47.044] Options:
[Thd 29380 CPU 4 10/22/24 14:10:47.044] -no_run_fld              ;older data, or data files relocated without a run folder
[Thd 29380 CPU 4 10/22/24 14:10:47.044] -prb_fld                 ;use folder-per-probe organization
[Thd 29380 CPU 4 10/22/24 14:10:47.044] -prb_miss_ok             ;instead of stopping, silently skip missing probes
[Thd 29380 CPU 4 10/22/24 14:10:47.044] -gtlist={gj,tja,tjb}     ;override {-g,-t} giving each listed g-index its own t-range
[Thd 29380 CPU 4 10/22/24 14:10:47.044] -t=cat                   ;extract events from CatGT output files (instead of -t=ta,tb)
[Thd 29380 CPU 4 10/22/24 14:10:47.044] -exported                ;apply FileViewer 'exported' tag to in/output filenames
[Thd 29380 CPU 4 10/22/24 14:10:47.044] -t_miss_ok               ;instead of stopping, zero-fill if trial missing
[Thd 29380 CPU 4 10/22/24 14:10:47.044] -zerofillmax=500         ;set a maximum zero-fill span (millisec)
[Thd 29380 CPU 4 10/22/24 14:10:47.044] -no_linefill             ;disable overwriting zero fills with line fills
[Thd 29380 CPU 4 10/22/24 14:10:47.044] -startsecs=120.0         ;skip this initial span of each input stream (float seconds)
[Thd 29380 CPU 4 10/22/24 14:10:47.044] -maxsecs=7.5             ;set a maximum output file length (float seconds)
[Thd 29380 CPU 4 10/22/24 14:10:47.044] -apfilter=Typ,N,Fhi,Flo  ;apply ap band-pass filter of given {type, order, corners(float Hz)}
[Thd 29380 CPU 4 10/22/24 14:10:47.044] -lffilter=Typ,N,Fhi,Flo  ;apply lf band-pass filter of given {type, order, corners(float Hz)}
[Thd 29380 CPU 4 10/22/24 14:10:47.044] -no_tshift               ;DO NOT time-align channels to account for ADC multiplexing
[Thd 29380 CPU 4 10/22/24 14:10:47.044] -loccar_um=40,140        ;apply ap local CAR annulus (exclude radius, include radius)
[Thd 29380 CPU 4 10/22/24 14:10:47.044] -loccar=2,8              ;apply ap local CAR annulus (exclude radius, include radius)
[Thd 29380 CPU 4 10/22/24 14:10:47.044] -gblcar                  ;apply ap global CAR filter over all channels
[Thd 29380 CPU 4 10/22/24 14:10:47.044] -gbldmx                  ;apply ap global demuxed CAR filter over channel groups
[Thd 29380 CPU 4 10/22/24 14:10:47.044] -gfix=0.40,0.10,0.02     ;rmv ap artifacts: ||amp(mV)||, ||slope(mV/sample)||, ||noise(mV)||
[Thd 29380 CPU 4 10/22/24 14:10:47.044] -chnexcl={prb;chans}     ;this probe, exclude listed chans from ap loccar, gblcar, gfix
[Thd 29380 CPU 4 10/22/24 14:10:47.044] -xa=0,0,2,3.0,4.5,25     ;extract pulse signal from analog chan (js,ip,word,thresh1(V),thresh2(V),millisec)
[Thd 29380 CPU 4 10/22/24 14:10:47.044] -xd=2,0,384,6,500        ;extract pulse signal from digital chan (js,ip,word,bit,millisec)
[Thd 29380 CPU 4 10/22/24 14:10:47.044] -xia=0,0,2,3.0,4.5,2     ;inverted version of xa
[Thd 29380 CPU 4 10/22/24 14:10:47.044] -xid=2,0,384,6,50        ;inverted version of xd
[Thd 29380 CPU 4 10/22/24 14:10:47.044] -bf=0,0,8,2,4,3          ;extract numeric bit-field from digital chan (js,ip,word,startbit,nbits,inarow)
[Thd 29380 CPU 4 10/22/24 14:10:47.044] -inarow=5                ;extractor {xa,xd,xia,xid} antibounce stay high/low sample count
[Thd 29380 CPU 4 10/22/24 14:10:47.044] -no_auto_sync            ;disable the automatic extraction of sync edges in all streams
[Thd 29380 CPU 4 10/22/24 14:10:47.044] -save=2,0,5,20:60        ;save subset of probe chans (js,ip1,ip2,chan-list)
[Thd 29380 CPU 4 10/22/24 14:10:47.044] -sepShanks=0,0,1,2,-1    ;save each shank in sep file (ip,ip0,ip1,ip2,ip3)
[Thd 29380 CPU 4 10/22/24 14:10:47.044] -maxZ=0,0,100            ;probe inserted to given depth (ip,depth-type,depth-value)
[Thd 29380 CPU 4 10/22/24 14:10:47.044] -pass1_force_ni_ob_bin   ;write pass one ni/ob binary tcat file even if not changed
[Thd 29380 CPU 4 10/22/24 14:10:47.044] -supercat={dir,run_ga}   ;concatenate existing output files across runs (see ReadMe)
[Thd 29380 CPU 4 10/22/24 14:10:47.045] -supercat_trim_edges     ;supercat after trimming each stream to matched sync edges
[Thd 29380 CPU 4 10/22/24 14:10:47.045] -supercat_skip_ni_ob_bin ;do not supercat ni/ob binary files
[Thd 29380 CPU 4 10/22/24 14:10:47.045] -dest=path               ;alternate path for output files (must exist)
[Thd 29380 CPU 4 10/22/24 14:10:47.045] -no_catgt_fld            ;if using -dest, do not create catgt_run subfolder
[Thd 29380 CPU 4 10/22/24 14:10:47.045] -out_prb_fld             ;if using -dest, create output subfolder per probe
[Thd 29380 CPU 4 10/22/24 14:10:47.045] ------------------------
[Thd 29380 CPU 4 10/22/24 14:10:47.045] 
[Thd 16900 CPU 10 10/22/24 14:12:32.377] Cmdline: CatGT -dir=C:/Users/Loukia/Documents/Ephys/M1123843/20241018 -run=483_18102024_trial1 -g=0 -t=0 -prb_fld -ap -prb=0 -apfilter=butter,12,300,9000 -loccar_um=200,400 -gfix=0.4,0.1,0.02 -xd=2,0,-1,6,0 -xid=2,0,-1,6,0 -no_auto_sync
[Thd 16900 CPU 10 10/22/24 14:21:50.863] Run 483_18102024_trial1_g0 Gfix prb 0 edits/sec 0.00501
[Thd 16900 CPU 2 10/22/24 14:21:50.866] 
[Thd 30164 CPU 8 10/22/24 14:31:01.821] Cmdline: CatGT -dir=C:/Users/Loukia/Documents/Ephys/Recordings/M1123843/20241021 -run=483_21102024_trial1 -g=0 -t=0 -prb_fld -ap -prb=0 -apfilter=butter,12,300,9000 -loccar_um=200,400 -gfix=0.4,0.1,0.02 -xd=2,0,-1,6,0 -xid=2,0,-1,6,0 -no_auto_sync
[Thd 30164 CPU 11 10/22/24 14:35:02.943] Run 483_21102024_trial1_g0 Gfix prb 0 edits/sec 0.00108
[Thd 30164 CPU 0 10/22/24 14:35:02.945] 
[Thd 11896 CPU 2 11/05/24 12:50:46.406] Cmdline: CatGT -dir=C:/Users/Loukia/Documents/Ephys/Recordings/M1123843/20241029 -run=483_29102024_trial01 -g=0 -t=0 -prb_fld -ap -prb=0 -apfilter=butter,12,300,9000 -loccar_um=200,400 -gfix=0.4,0.1,0.02 -xd=2,0,-1,6,0 -xid=2,0,-1,6,0 -no_auto_sync
[Thd 11896 CPU 10 11/05/24 12:56:13.959] Run 483_29102024_trial01_g0 Gfix prb 0 edits/sec 0.00339
[Thd 11896 CPU 6 11/05/24 12:56:13.962] 
[Thd 5848 CPU 9 11/05/24 12:56:13.980] Cmdline: CatGT -dir=C:/Users/Loukia/Documents/Ephys/Recordings/M1123843/20241029 -run=483_29102024_trial01 -g=1 -t=0 -prb_fld -ap -prb=0 -apfilter=butter,12,300,9000 -loccar_um=200,400 -gfix=0.4,0.1,0.02 -xd=2,0,-1,6,0 -xid=2,0,-1,6,0 -no_auto_sync
[Thd 5848 CPU 10 11/05/24 13:01:57.891] Run 483_29102024_trial01_g1 Gfix prb 0 edits/sec 0.00893
[Thd 5848 CPU 10 11/05/24 13:01:57.894] 
[Thd 15516 CPU 9 11/05/24 13:01:57.917] Cmdline: CatGT -dir=C:/Users/Loukia/Documents/Ephys/Recordings/M1123843/20241029 -run=483_29102024_trial02 -g=0 -t=0 -prb_fld -ap -prb=0 -apfilter=butter,12,300,9000 -loccar_um=200,400 -gfix=0.4,0.1,0.02 -xd=2,0,-1,6,0 -xid=2,0,-1,6,0 -no_auto_sync
[Thd 15516 CPU 10 11/05/24 13:04:47.929] Run 483_29102024_trial02_g0 Gfix prb 0 edits/sec 0.0033
[Thd 15516 CPU 4 11/05/24 13:04:47.931] 
[Thd 9784 CPU 8 11/05/24 13:04:47.956] Cmdline: CatGT -dir=C:/Users/Loukia/Documents/Ephys/Recordings/M1123843/20241029 -run=483_29102024_trial02 -g=1 -t=0 -prb_fld -ap -prb=0 -apfilter=butter,12,300,9000 -loccar_um=200,400 -gfix=0.4,0.1,0.02 -xd=2,0,-1,6,0 -xid=2,0,-1,6,0 -no_auto_sync
[Thd 9784 CPU 10 11/05/24 13:07:40.119] Run 483_29102024_trial02_g1 Gfix prb 0 edits/sec 0.00163
[Thd 9784 CPU 8 11/05/24 13:07:40.121] 
[Thd 5488 CPU 8 11/05/24 13:07:40.146] Cmdline: CatGT -t=cat -prb_fld -ap -prb=0 -no_auto_sync -supercat={C:/Users/Loukia/Documents/Ephys/Recordings/M1123843/20241029,483_29102024_trial01_g0}{C:/Users/Loukia/Documents/Ephys/Recordings/M1123843/20241029,483_29102024_trial01_g1}{C:/Users/Loukia/Documents/Ephys/Recordings/M1123843/20241029,483_29102024_trial02_g0}{C:/Users/Loukia/Documents/Ephys/Recordings/M1123843/20241029,483_29102024_trial02_g1} -dest=C:/Users/Loukia/Documents/Ephys/Recordings/M1123843/20241029
[Thd 5488 CPU 2 11/05/24 13:08:38.950] 
[Thd 26244 CPU 14 11/05/24 13:11:09.907] Cmdline: CatGT -dir=C:/Users/Loukia/Documents/Ephys/Recordings/M1123843/20241029/LinearTrack -run=483_29102024_trial02 -g=0 -t=0 -prb_fld -ap -prb=0 -apfilter=butter,12,300,9000 -loccar_um=200,400 -gfix=0.4,0.1,0.02 -xd=2,0,-1,6,0 -xid=2,0,-1,6,0 -no_auto_sync
[Thd 26244 CPU 10 11/05/24 13:14:03.551] Run 483_29102024_trial02_g0 Gfix prb 0 edits/sec 0.0033
[Thd 26244 CPU 23 11/05/24 13:14:03.554] 
[Thd 20028 CPU 10 11/05/24 13:14:03.576] Cmdline: CatGT -dir=C:/Users/Loukia/Documents/Ephys/Recordings/M1123843/20241029/LinearTrack -run=483_29102024_trial02 -g=1 -t=0 -prb_fld -ap -prb=0 -apfilter=butter,12,300,9000 -loccar_um=200,400 -gfix=0.4,0.1,0.02 -xd=2,0,-1,6,0 -xid=2,0,-1,6,0 -no_auto_sync
[Thd 20028 CPU 14 11/05/24 13:17:03.160] Run 483_29102024_trial02_g1 Gfix prb 0 edits/sec 0.00163
[Thd 20028 CPU 14 11/05/24 13:17:03.162] 
[Thd 8056 CPU 8 11/05/24 13:17:03.194] Cmdline: CatGT -t=cat -prb_fld -ap -prb=0 -no_auto_sync -supercat={C:/Users/Loukia/Documents/Ephys/Recordings/M1123843/20241029/LinearTrack,483_29102024_trial02_g0}{C:/Users/Loukia/Documents/Ephys/Recordings/M1123843/20241029/LinearTrack,483_29102024_trial02_g1} -dest=C:/Users/Loukia/Documents/Ephys/Recordings/M1123843/20241029/LinearTrack
[Thd 8056 CPU 7 11/05/24 13:17:18.445] 
